Total time : 1260
Total costs : 1260.0

